[1mPR #12 レンダリングのパイプラインを置き換える[m

[38;2;38;45;57m╭────────────────────────────────────────────────╮[m
[38;2;38;45;57m│[m [1mSubmit review[m                                  [38;2;38;45;57m│[m
[38;2;38;45;57m│[m                                                [38;2;38;45;57m│[m
[38;2;38;45;57m│[m [48;2;29;39;53mComment[m  Approve  Request changes              [38;2;38;45;57m│[m
[38;2;38;45;57m│[m                                                [38;2;38;45;57m│[m
[38;2;38;45;57m│[m [40m[37m┃ [m[m[40m[7mL[m[m[40m[38;5;240meave a note (required unless approving)[m[m[40m[m     [38;2;38;45;57m│[m
[38;2;38;45;57m│[m [38;5;240m[37m┃ [m[m[30m [m                                            [38;2;38;45;57m│[m
[38;2;38;45;57m│[m [38;5;240m[37m┃ [m[m[30m [m                                            [38;2;38;45;57m│[m
[38;2;38;45;57m│[m                                                [38;2;38;45;57m│[m
[38;2;38;45;57m│[m [38;2;139;148;158mno line comments are waiting[m                   [38;2;38;45;57m│[m
[38;2;38;45;57m╰────────────────────────────────────────────────╯[m
[38;2;139;148;158mtab:event  ctrl+s:submit  esc:cancel[m