[1mkukv/octoscope #61[m
[38;2;139;148;158m失敗 0 · 実行中 0[m
[1;38;2;139;148;158mChecks[m                [38;2;38;45;57m│[m[1;38;2;139;148;158m失敗ステップ[m[38;2;38;45;57m─────────────────────────────────────────────────────────────────────────────────────────────────────────────────────────────[m
[38;2;139;148;158mこの PR には check が…[m[38;2;38;45;57m│[m
                      [38;2;38;45;57m│[m
                      [38;2;38;45;57m│[m
                      [38;2;38;45;57m│[m
                      [38;2;38;45;57m│[m
                      [38;2;38;45;57m│[m
                      [38;2;38;45;57m│[m
                      [38;2;38;45;57m│[m
                      [38;2;38;45;57m│[m
                      [38;2;38;45;57m│[m
                      [38;2;38;45;57m│[m
                      [38;2;38;45;57m│[m
                      [38;2;38;45;57m│[m
                      [38;2;38;45;57m│[m
                      [38;2;38;45;57m│[m
                      [38;2;38;45;57m│[m
                      [38;2;38;45;57m│[m
                      [38;2;38;45;57m│[m
                      [38;2;38;45;57m│[m
                      [38;2;38;45;57m│[m
                      [38;2;38;45;57m│[m
                      [38;2;38;45;57m│[m
                      [38;2;38;45;57m│[m
                      [38;2;38;45;57m│[m
                      [38;2;38;45;57m│[m
                      [38;2;38;45;57m│[m
[38;2;139;148;158mesc:戻る  j/k:移動  enter:ログ  L:全ログ  R:再実行  h/l:ペイン  o:Web  r:再取得[m