[38;2;38;45;57m╭──────────────────────────────────────────────────────────╮[m
[38;2;38;45;57m│[m [1mリポジトリを追加[m                                         [38;2;38;45;57m│[m
[38;2;38;45;57m│[m                                                          [38;2;38;45;57m│[m
[38;2;38;45;57m│[m [37m> [mlip[7;37m [m                                                   [38;2;38;45;57m│[m
[38;2;38;45;57m│[m [38;2;139;148;158mowner/name の形式で入力。候補から選ぶこともできます[m      [38;2;38;45;57m│[m
[38;2;38;45;57m│[m                                                          [38;2;38;45;57m│[m
[38;2;38;45;57m│[m charmbracelet/lipgloss                           [38;2;139;148;158m★ 11812[m [38;2;38;45;57m│[m
[38;2;38;45;57m│[m marcoroth/lipgloss-ruby                             [38;2;139;148;158m★ 58[m [38;2;38;45;57m│[m
[38;2;38;45;57m│[m kukv/a-repository-with-a-name-nobody-would-t…           [38;2;139;148;158m[m [38;2;38;45;57m│[m
[38;2;38;45;57m│[m                                                          [38;2;38;45;57m│[m
[38;2;38;45;57m╰──────────────────────────────────────────────────────────╯[m
[38;2;139;148;158mesc:閉じる  enter:追加  tab:候補へ[m