[38;2;38;45;57m╭────────────────────────────────────────────────╮[m
[38;2;38;45;57m│[m [1mレビューを提出[m                                 [38;2;38;45;57m│[m
[38;2;38;45;57m│[m                                                [38;2;38;45;57m│[m
[38;2;38;45;57m│[m コメント  [48;2;29;39;53m承認[m  変更を要求                     [38;2;38;45;57m│[m
[38;2;38;45;57m│[m                                                [38;2;38;45;57m│[m
[38;2;38;45;57m│[m [40m[37m┃ [m[m[40m[7mひ[m[m[40m[38;5;240mとこと（任意）[m[m[40m[m                             [38;2;38;45;57m│[m
[38;2;38;45;57m│[m [38;5;240m[37m┃ [m[m[30m [m                                            [38;2;38;45;57m│[m
[38;2;38;45;57m│[m [38;5;240m[37m┃ [m[m[30m [m                                            [38;2;38;45;57m│[m
[38;2;38;45;57m│[m                                                [38;2;38;45;57m│[m
[38;2;38;45;57m│[m [38;2;139;148;158m行コメント 2 件が一緒に送られます[m              [38;2;38;45;57m│[m
[38;2;38;45;57m╰────────────────────────────────────────────────╯[m