q [38;2;139;148;158mis:open[m                                                                                                                                              0 results

[1;38;2;139;148;158mFilters[m                       [38;2;38;45;57m│[m[1;38;2;139;148;158mResults[m 0
                              [38;2;38;45;57m│[m[38;2;139;148;158mNothing matched this search[m
[48;2;29;39;53m[38;2;139;148;158mtype[m      all[m                 [38;2;38;45;57m│[m
[38;2;139;148;158mstate[m     open                [38;2;38;45;57m│[m
[38;2;139;148;158morg[m       —                   [38;2;38;45;57m│[m
[38;2;139;148;158mrepo[m      —                   [38;2;38;45;57m│[m
[38;2;139;148;158mauthor[m    —                   [38;2;38;45;57m│[m
[38;2;139;148;158mlabel[m     —                   [38;2;38;45;57m│[m
[38;2;139;148;158mreview[m    —                   [38;2;38;45;57m│[m
[38;2;139;148;158msort[m      —                   [38;2;38;45;57m│[m

[38;2;139;148;158mj/k: field  space: change  enter: type  l: results  e: raw query  r: search again  q: quit[m