q [38;2;139;148;158mis:open[m                                                                                                                                                   0 件

[1;38;2;139;148;158mフィルタ[m                      [38;2;38;45;57m│[m[1;38;2;139;148;158m結果[m 0
[48;2;29;39;53m[38;2;139;148;158mtype[m      all[m                 [38;2;38;45;57m│[m[38;2;139;148;158m一致するものがありません[m
[38;2;139;148;158mstate[m     open                [38;2;38;45;57m│[m
[38;2;139;148;158morg[m       —                   [38;2;38;45;57m│[m
[38;2;139;148;158mrepo[m      —                   [38;2;38;45;57m│[m
[38;2;139;148;158mauthor[m    —                   [38;2;38;45;57m│[m
[38;2;139;148;158mlabel[m     —                   [38;2;38;45;57m│[m
[38;2;139;148;158mreview[m    —                   [38;2;38;45;57m│[m
[38;2;139;148;158msort[m      —                   [38;2;38;45;57m│[m

[38;2;139;148;158mj/k:項目  space:切替  enter:入力  l:結果へ  e:生クエリ  s:保存  ctrl+o:保存済み  r:再検索  q:終了[m