[38;2;38;45;57m╭──────────────────────────────────────────────────────────╮[m
[38;2;38;45;57m│[m [48;2;29;39;53murgent [38;2;139;148;158mis:open label:urgent[m[m                              [38;2;38;45;57m│[m
[38;2;38;45;57m│[m 自分のPR [38;2;139;148;158mauthor:kukv[m                                     [38;2;38;45;57m│[m
[38;2;38;45;57m╰──────────────────────────────────────────────────────────╯[m
[38;2;139;148;158mesc: cancel  enter: apply  x: remove[m