[38;2;38;45;57m╭────────────────────────────────────────────────╮[m
[38;2;38;45;57m│[m [1m#61 をマージ[m                                   [38;2;38;45;57m│[m
[38;2;38;45;57m│[m                                                [38;2;38;45;57m│[m
[38;2;38;45;57m│[m ● squash してマージ                            [38;2;38;45;57m│[m
[38;2;38;45;57m│[m ○ マージコミットを作る                         [38;2;38;45;57m│[m
[38;2;38;45;57m│[m ○ rebase してマージ                            [38;2;38;45;57m│[m
[38;2;38;45;57m│[m                                                [38;2;38;45;57m│[m
[38;2;38;45;57m│[m [38;2;139;148;158mauto-merge を有効にする権限がありません[m        [38;2;38;45;57m│[m
[38;2;38;45;57m│[m [38;2;139;148;158mブランチは残ります[m                             [38;2;38;45;57m│[m
[38;2;38;45;57m│[m                                                [38;2;38;45;57m│[m
[38;2;38;45;57m│[m [38;2;139;148;158menter:マージ  r:更新  esc:中止[m                 [38;2;38;45;57m│[m
[38;2;38;45;57m╰────────────────────────────────────────────────╯[m