[38;2;38;45;57m╭────────────────────────────────────────────────╮[m
[38;2;38;45;57m│[m [1m#61 をマージ[m                                   [38;2;38;45;57m│[m
[38;2;38;45;57m│[m                                                [38;2;38;45;57m│[m
[38;2;38;45;57m│[m ● squash してマージ                            [38;2;38;45;57m│[m
[38;2;38;45;57m│[m ○ マージコミットを作る                         [38;2;38;45;57m│[m
[38;2;38;45;57m│[m ○ rebase してマージ                            [38;2;38;45;57m│[m
[38;2;38;45;57m│[m                                                [38;2;38;45;57m│[m
[38;2;38;45;57m│[m [x] auto-merge（checks の通過後に）            [38;2;38;45;57m│[m
[38;2;38;45;57m│[m [38;2;139;148;158mブランチはマージ後に削除されます[m               [38;2;38;45;57m│[m
[38;2;38;45;57m│[m                                                [38;2;38;45;57m│[m
[38;2;38;45;57m│[m [38;2;139;148;158menter:マージ  space:auto  r:更新  esc:中止[m     [38;2;38;45;57m│[m
[38;2;38;45;57m╰────────────────────────────────────────────────╯[m