[38;2;38;45;57m╭────────────────────────────────────────────────╮[m
[38;2;38;45;57m│[m [1mMerge #61[m                                      [38;2;38;45;57m│[m
[38;2;38;45;57m│[m                                                [38;2;38;45;57m│[m
[38;2;38;45;57m│[m ● Squash and merge                             [38;2;38;45;57m│[m
[38;2;38;45;57m│[m ○ Create a merge commit                        [38;2;38;45;57m│[m
[38;2;38;45;57m│[m ○ Rebase and merge                             [38;2;38;45;57m│[m
[38;2;38;45;57m│[m                                                [38;2;38;45;57m│[m
[38;2;38;45;57m│[m [38;2;139;148;158mauto-merge has nothing left to wait for[m        [38;2;38;45;57m│[m
[38;2;38;45;57m│[m [38;2;139;148;158mthe branch is deleted after the merge[m          [38;2;38;45;57m│[m
[38;2;38;45;57m│[m                                                [38;2;38;45;57m│[m
[38;2;38;45;57m│[m [38;2;210;153;34m⚠ it has not been approved[m                     [38;2;38;45;57m│[m
[38;2;38;45;57m│[m [38;2;139;148;158menter:merge  space:auto  r:refresh  esc:cancel[m [38;2;38;45;57m│[m
[38;2;38;45;57m╰────────────────────────────────────────────────╯[m