[1mkukv/octoscope #61[m
[38;2;139;148;158m1 failing · 1 running[m
[1;38;2;139;148;158mChecks[m                [38;2;38;45;57m│[m[1;38;2;139;148;158mfailed steps[m[38;2;38;45;57m─────────────────────────────────────────────[m
[1;38;2;139;148;158msecurity[m              [38;2;38;45;57m│[m[1;38;2;139;148;158mRun tests[m
[48;2;29;39;53m  × sca               [m[38;2;38;45;57m│[m10:15:30  FAIL ./internal/gh (TestWalk)
[1;38;2;139;148;158mCI[m                    [38;2;38;45;57m│[m[1;38;2;139;148;158m[m
[38;2;63;185;80m  ✓ lint[m              [38;2;38;45;57m│[m深さの上限に達したら探索を打ち切る
[38;2;210;153;34m  ◍ ci/circleci[m       [38;2;38;45;57m│[m
                      [38;2;38;45;57m│[m
                      [38;2;38;45;57m│[m
                      [38;2;38;45;57m│[m
                      [38;2;38;45;57m│[m
                      [38;2;38;45;57m│[m
                      [38;2;38;45;57m│[m
                      [38;2;38;45;57m│[m
                      [38;2;38;45;57m│[m
                      [38;2;38;45;57m│[m
                      [38;2;38;45;57m│[m
                      [38;2;38;45;57m│[m
                      [38;2;38;45;57m│[m
                      [38;2;38;45;57m│[m
                      [38;2;38;45;57m│[m
                      [38;2;38;45;57m│[m
                      [38;2;38;45;57m│[m
                      [38;2;38;45;57m│[m
                      [38;2;38;45;57m│[m
                      [38;2;38;45;57m│[m
                      [38;2;38;45;57m│[m
                      [38;2;38;45;57m│[m
[38;2;139;148;158mesc:back  j/k:move  enter:log  L:full log  R:rerun  h/l:pane  o:web  r:refresh[m