[1mkukv/octoscope #61[m
[38;2;139;148;158m0 failing · 0 running[m
[1;38;2;139;148;158mChecks[m                [38;2;38;45;57m│[m[1;38;2;139;148;158mfailed steps[m[38;2;38;45;57m─────────────────────────────────────────────────────────────────────────────────────[m
[38;2;139;148;158mno checks on this pul…[m[38;2;38;45;57m│[m
                      [38;2;38;45;57m│[m
                      [38;2;38;45;57m│[m
                      [38;2;38;45;57m│[m
                      [38;2;38;45;57m│[m
                      [38;2;38;45;57m│[m
                      [38;2;38;45;57m│[m
                      [38;2;38;45;57m│[m
                      [38;2;38;45;57m│[m
                      [38;2;38;45;57m│[m
                      [38;2;38;45;57m│[m
                      [38;2;38;45;57m│[m
                      [38;2;38;45;57m│[m
                      [38;2;38;45;57m│[m
                      [38;2;38;45;57m│[m
                      [38;2;38;45;57m│[m
                      [38;2;38;45;57m│[m
                      [38;2;38;45;57m│[m
                      [38;2;38;45;57m│[m
                      [38;2;38;45;57m│[m
                      [38;2;38;45;57m│[m
                      [38;2;38;45;57m│[m
                      [38;2;38;45;57m│[m
                      [38;2;38;45;57m│[m
                      [38;2;38;45;57m│[m
                      [38;2;38;45;57m│[m
[38;2;139;148;158mesc:back  j/k:move  enter:log  L:full log  R:rerun  h/l:pane  o:web  r:refresh[m