[1;4;38;2;88;166;255;4m1[m[38;2;88;166;255;4m [m[1;4;38;2;88;166;255;4mW[m[1;4;38;2;88;166;255;4mo[m[1;4;38;2;88;166;255;4mr[m[1;4;38;2;88;166;255;4mk[m  [38;2;139;148;158m2 Repos[m

  [1;38;2;139;148;158mReview requested[m                   [38;2;139;148;158m[m [38;2;38;45;57m│[m   [1;38;2;139;148;158mYour PRs[m                           [38;2;139;148;158m[m [38;2;38;45;57m│[m   [1;38;2;139;148;158mAssigned[m                           [38;2;139;148;158m[m [38;2;38;45;57m│[m   [1;38;2;139;148;158mMentioned[m                          [38;2;139;148;158m[m
  ⣾  loading...                       [38;2;38;45;57m│[m   ⣾  loading...                       [38;2;38;45;57m│[m   ⣾  loading...                       [38;2;38;45;57m│[m   ⣾  loading...




























[38;2;38;45;57m────────────────────────────────────────────────────────────────────────────────────────────────────────────────────────────────────────────────────────────────[m






[38;2;139;148;158mh/l:column  j/k:move  enter:detail  r:refresh  d:diff  s:checks  q:quit[m