[38;2;38;45;57m╭────────────────────────────────────────────────╮[m
[38;2;38;45;57m│[m [1mMerge #61[m                                      [38;2;38;45;57m│[m
[38;2;38;45;57m│[m                                                [38;2;38;45;57m│[m
[38;2;38;45;57m│[m ● Squash and merge                             [38;2;38;45;57m│[m
[38;2;38;45;57m│[m ○ Create a merge commit                        [38;2;38;45;57m│[m
[38;2;38;45;57m│[m ○ Rebase and merge                             [38;2;38;45;57m│[m
[38;2;38;45;57m│[m                                                [38;2;38;45;57m│[m
[38;2;38;45;57m│[m [38;2;139;148;158mauto-merge is off for this repository[m          [38;2;38;45;57m│[m
[38;2;38;45;57m│[m [38;2;139;148;158mthe branch is kept[m                             [38;2;38;45;57m│[m
[38;2;38;45;57m│[m                                                [38;2;38;45;57m│[m
[38;2;38;45;57m│[m sending it to GitHub                           [38;2;38;45;57m│[m
[38;2;38;45;57m╰────────────────────────────────────────────────╯[m