[38;2;38;45;57m╭────────────────────────────────────────────────╮[m
[38;2;38;45;57m│[m [1mMerge #61[m                                      [38;2;38;45;57m│[m
[38;2;38;45;57m│[m                                                [38;2;38;45;57m│[m
[38;2;38;45;57m│[m [38;2;139;148;158mr:refresh  esc:cancel[m                          [38;2;38;45;57m│[m
[38;2;38;45;57m╰────────────────────────────────────────────────╯[m