[38;2;38;45;57m╭────────────────────────────────────────────────╮[m
[38;2;38;45;57m│[m [1m#61 をマージ[m                                   [38;2;38;45;57m│[m
[38;2;38;45;57m│[m                                                [38;2;38;45;57m│[m
[38;2;38;45;57m│[m GitHub に問い合わせ中                          [38;2;38;45;57m│[m
[38;2;38;45;57m│[m                                                [38;2;38;45;57m│[m
[38;2;38;45;57m│[m [38;2;139;148;158mr:更新  esc:中止[m                               [38;2;38;45;57m│[m
[38;2;38;45;57m╰────────────────────────────────────────────────╯[m