[1m  Review requested[m  [1m  Your PRs        [m  [1m  Assigned        [m  [1m  Mentioned       [m
──────────────────  ──────────────────  ──────────────────  ──────────────────
[1m▸ • fix the thing [m  [2m  (nothing here)  [m    #7 an issue       [2m  (nothing here)  [m
[2m  kukv/octoscope  [m                      [2m  kukv/octoscope  [m
[2m  ▰▰▱▱▱▱▱ 3h ago  [m                      [2m  3h ago          [m
  • bump deps
[2m  kukv/koto       [m
[2m  3h ago          [m
  • レンダリング…
[2m  kukv/a-reposito…[m
[2m  ▰▰▱▱▱▱▱ 3h ago  [m

[2mh/l:column  j/k:move  enter:detail  r:refresh  q:quit[m