[1m  レビュー依頼    [m  [1m  自分の PR       [m  [1m  担当            [m  [1m  メンション      [m
──────────────────  ──────────────────  ──────────────────  ──────────────────
[1m▸ • fix the thing [m  [2m  （なし）        [m    #7 an issue       [2m  （なし）        [m
[2m  kukv/octoscope  [m                      [2m  kukv/octoscope  [m
[2m  ▰▰▱▱▱▱▱ 3 時間前[m                      [2m  3 時間前        [m
  • bump deps
[2m  kukv/koto       [m
[2m  3 時間前        [m
  • レンダリング…
[2m  kukv/a-reposito…[m
[2m  ▰▰▱▱▱▱▱ 3 時間前[m

[2mh/l:列  j/k:移動  enter:詳細  r:再取得  q:終了[m