[1m  Review requested          [m  [1m  Your PRs                  [m  [1m  Assigned                  [m  [1m  Mentioned                 [m
────────────────────────────  ────────────────────────────  ────────────────────────────  ────────────────────────────
[1;38;2;88;166;255m▸ [m[38;2;139;148;158m•[m [1;38;2;88;166;255mfix the thing[m [38;2;255;255;255;48;2;215;58;74m bug [m [38;2;0;0;0;48;2;212;197;249m ci [m  [38;2;139;148;158m  (nothing here)            [m    [38;2;139;148;158m◇[m an issue                  [38;2;139;148;158m  (nothing here)            [m
  [38;2;139;148;158mkukv/octos…[m [38;2;248;81;73m▰▰[m[38;2;139;148;158m▱▱▱▱▱[m [38;2;139;148;158m3h ago[m                                  [38;2;139;148;158mkukv/octoscope[m      [38;2;139;148;158m3h ago[m
  [38;2;139;148;158m•[m bump deps
  [38;2;139;148;158mkukv/koto[m           [38;2;139;148;158m3h ago[m
  [38;2;139;148;158m•[m レンダリングのパイプラ…
  [38;2;139;148;158mkukv/a-rep…[m [38;2;248;81;73m▰▰[m[38;2;139;148;158m▱▱▱▱▱[m [38;2;139;148;158m3h ago[m
────────────────────────────────────────────────────────────────────────────────────────────────────────────────────────
kukv/octoscope#12 fix the thing
[38;2;139;148;158m1/3 checks passed, 1 failed, 1 running[m

[38;2;139;148;158mh/l:column  j/k:move  enter:detail  r:refresh  q:quit[m