[1m  Review requested[m  [1m  Your PRs        [m  [1m  Assigned        [m  [1m  Mentioned       [m
──────────────────  ──────────────────  ──────────────────  ──────────────────
[1;38;2;88;166;255m▸ • fix the thing [m  [38;2;139;148;158m  (nothing here)  [m    #7 an issue       [38;2;139;148;158m  (nothing here)  [m
[38;2;139;148;158m  kukv/octoscope  [m                      [38;2;139;148;158m  kukv/octoscope  [m
[38;2;139;148;158m  ▰▰▱▱▱▱▱ 3h ago  [m                      [38;2;139;148;158m  3h ago          [m
  • bump deps
[38;2;139;148;158m  kukv/koto       [m
[38;2;139;148;158m  3h ago          [m
  • レンダリング…
[38;2;139;148;158m  kukv/a-reposito…[m
[38;2;139;148;158m  ▰▰▱▱▱▱▱ 3h ago  [m

[38;2;139;148;158mh/l:column  j/k:move  enter:detail  r:refresh  q:quit[m