[1moctoscope[m

[1;4;4mP[m[1;4;4mu[m[1;4;4ml[m[1;4;4ml[m[4m [m[1;4;4mR[m[1;4;4me[m[1;4;4mq[m[1;4;4mu[m[1;4;4me[m[1;4;4ms[m[1;4;4mt[m[1;4;4ms[m  [2mIssues[m

▸ #1     first pr  @kukv  ✓ 3h ago
  #2     second pr  @bob  ◌ 3h ago
  #9     レンダリングのパイプラインをまるごと置き換える refactor that nobody asked for  @a-contributor-with-a-very-long-handle  • 3h ago

[2mj/k:move  enter:detail  tab:PR/Issue  r:refresh  o:web  q:quit[m